// Jest Snapshot v1, https://goo.gl/fbAQLP

exports[`jest-css-modules with camelCase should have correct object params 1`] = `
Array [
  "foo__bar",
  "fooBar",
  "foo__zoo",
  "fooZoo",
  "foo",
  "boo",
  "foox",
  "fooy",
  "fooz",
  "tilda",
  "plus",
  "children",
  "foo2",
  "fooy2",
  "fooz2",
  "tilda2",
  "plus2",
  "children2",
  "display-block",
  "displayBlock",
  "display-block@sm",
  "displayBlock@sm",
  "display-block@sm@sm2",
  "displayBlock@sm@sm2",
]
`;
